# serializer version: 1
# name: test_historical_config_type_snap
  '''
  {
    "__class__": "ConfigTypeSnap",
    "description": "",
    "enum_values": [],
    "fields": [],
    "given_name": "kjdkfjdkfjdkj",
    "key": "ksjdkfjdkfjd",
    "kind": {
      "__enum__": "ConfigTypeKind.STRICT_SHAPE"
    },
    "scalar_kind": null,
    "type_param_keys": []
  }
  '''
# ---
