# serializer version: 1
# name: TestMaterializations.test_materializations[0]
  list([
    'RunStartingEvent',
    'RunStartEvent',
    'ResourceInitStartedEvent',
    'ResourceInitSuccessEvent',
    'LogsCapturedEvent',
    'ExecutionStepStartEvent',
    'MaterializationEvent',
    'ExecutionStepOutputEvent',
    'LogMessageEvent',
    'HandledOutputEvent',
    'ExecutionStepSuccessEvent',
    'RunSuccessEvent',
  ])
# ---
