# serializer version: 1
# name: test_mode_fetch_resources[0]
  dict({
    'pipelineOrError': dict({
      '__typename': 'Pipeline',
      'modes': list([
        dict({
          'name': 'default',
          'resources': list([
            dict({
              'configField': dict({
                'configType': dict({
                  'key': 'Int',
                }),
              }),
              'description': None,
              'name': 'R1',
            }),
            dict({
              'configField': dict({
                'configType': dict({
                  'key': 'Any',
                }),
              }),
              'description': 'Built-in filesystem IO manager that stores and retrieves values using pickling.',
              'name': 'io_manager',
            }),
          ]),
        }),
      ]),
    }),
  })
# ---
# name: test_required_resources[0]
  dict({
    'pipelineOrError': dict({
      'name': 'required_resource_job',
      'solids': list([
        dict({
          'definition': dict({
            'requiredResources': list([
              dict({
                'resourceKey': 'R1',
              }),
            ]),
          }),
        }),
      ]),
    }),
  })
# ---
