# serializer version: 1
# name: test_fetch_snapshot_or_error_by_active_pipeline_name_not_found[0]
  '''
  {
    "pipelineSnapshotOrError": {
      "__typename": "PipelineNotFoundError"
    }
  }
  '''
# ---
# name: test_fetch_snapshot_or_error_by_active_pipeline_name_success[0]
  '''
  {
    "pipelineSnapshotOrError": {
      "__typename": "PipelineSnapshot",
      "dagsterTypes": [
        {
          "key": "Any"
        },
        {
          "key": "Bool"
        },
        {
          "key": "Float"
        },
        {
          "key": "Int"
        },
        {
          "key": "Nothing"
        },
        {
          "key": "PoorMansDataFrame"
        },
        {
          "key": "String"
        }
      ],
      "description": null,
      "modes": [
        {
          "name": "default"
        }
      ],
      "name": "csv_hello_world",
      "pipelineSnapshotId": "9d2930f7c072c5a01688d84b725c49d4ae718c65",
      "solidHandles": [
        {
          "handleID": "sum_op"
        },
        {
          "handleID": "sum_sq_op"
        }
      ],
      "solids": [
        {
          "name": "sum_op"
        },
        {
          "name": "sum_sq_op"
        }
      ],
      "tags": []
    }
  }
  '''
# ---
# name: test_fetch_snapshot_or_error_by_snapshot_id_snapshot_not_found[0]
  '''
  {
    "pipelineSnapshotOrError": {
      "__typename": "PipelineSnapshotNotFoundError",
      "snapshotId": "notthere"
    }
  }
  '''
# ---
# name: test_fetch_snapshot_or_error_by_snapshot_id_success[0]
  '''
  {
    "pipelineSnapshotOrError": {
      "__typename": "PipelineSnapshot",
      "dagsterTypes": [
        {
          "key": "Any"
        },
        {
          "key": "Bool"
        },
        {
          "key": "Float"
        },
        {
          "key": "Int"
        },
        {
          "key": "Nothing"
        },
        {
          "key": "String"
        }
      ],
      "description": null,
      "modes": [
        {
          "name": "default"
        }
      ],
      "name": "noop_job",
      "pipelineSnapshotId": "dbc0d71fefa48d56ff94e517235980f1bbf0d8e8",
      "solidHandles": [
        {
          "handleID": "noop_op"
        }
      ],
      "solids": [
        {
          "name": "noop_op"
        }
      ],
      "tags": []
    }
  }
  '''
# ---
